http://www.google.com

Lorem ipsum dolor sit amet, consectetur adipiscing elit. Aliquam nulla sem, tristique eu nisi sagittis, sodales pulvinar est. Suspendisse purus diam, dapibus vitae suscipit nec, volutpat non est. Sed eget magna a justo pellentesque volutpat vitae id ex. Sed ultricies risus sed vehicula egestas. Ut placerat tellus id vestibulum convallis. Vivamus vel metus vitae sapien fermentum mollis. Phasellus vehicula tortor eu nulla fermentum maximus.

Fusce quis sem a dolor feugiat pharetra quis blandit arcu. Mauris metus purus, tristique ut felis in, congue dignissim libero. Nam dignissim gravida diam. Phasellus sagittis, magna quis semper suscipit, velit arcu molestie turpis, nec feugiat sem metus ut tellus. Fusce id dui quam. Praesent pretium consectetur tincidunt. Fusce posuere magna eu commodo luctus. Nulla facilisi. Curabitur id nibh a augue pulvinar aliquet ut nec nulla. Donec orci lacus, accumsan ut imperdiet ut, molestie ut enim. Curabitur rutrum ligula libero, eu porttitor lacus luctus eget.

http://www.google.com/?q=Stevie

Lorem ipsum dolor sit amet, consectetur adipiscing elit. Aliquam nulla sem, tristique eu nisi sagittis, sodales pulvinar est. Suspendisse purus diam, dapibus vitae suscipit nec, volutpat non est. Sed eget magna a justo pellentesque volutpat vitae id ex. Sed ultricies risus sed vehicula egestas. Ut placerat tellus id vestibulum convallis. Vivamus vel metus vitae sapien fermentum mollis. Phasellus vehicula tortor eu nulla fermentum maximus.

Fusce quis sem a dolor feugiat pharetra quis blandit arcu. Mauris metus purus, tristique ut felis in, congue dignissim libero. Nam dignissim gravida diam. Phasellus sagittis, magna quis semper suscipit, velit arcu molestie turpis, nec feugiat sem metus ut tellus. Fusce id dui quam. Praesent pretium consectetur tincidunt. Fusce posuere magna eu commodo luctus. Nulla facilisi. Curabitur id nibh a augue pulvinar aliquet ut nec nulla. Donec orci lacus, accumsan ut imperdiet ut, molestie ut enim. Curabitur rutrum ligula libero, eu porttitor lacus luctus eget.

Lorem ipsum dolor sit amet, consectetur adipiscing elit. Aliquam nulla sem, tristique eu nisi sagittis, sodales pulvinar est. Suspendisse purus diam, dapibus vitae suscipit nec, volutpat non est. Sed eget magna a justo pellentesque volutpat vitae id ex. Sed ultricies risus sed vehicula egestas. Ut placerat tellus id vestibulum convallis. Vivamus vel metus vitae sapien fermentum mollis. Phasellus vehicula tortor eu nulla fermentum maximus.

Fusce quis sem a dolor feugiat pharetra quis blandit arcu. Mauris metus purus, tristique ut felis in, congue dignissim libero. Nam dignissim gravida diam. Phasellus sagittis, magna quis semper suscipit, velit arcu molestie turpis, nec feugiat sem metus ut tellus. Fusce id dui quam. Praesent pretium consectetur tincidunt. Fusce posuere magna eu commodo luctus. Nulla facilisi. Curabitur id nibh a augue pulvinar aliquet ut nec nulla. Donec orci lacus, accumsan ut imperdiet ut, molestie ut enim. Curabitur rutrum ligula libero, eu porttitor lacus luctus eget. https://www.google.com/?q=Stevie/Weee Lorem ipsum dolor sit amet, consectetur adipiscing elit. Aliquam nulla sem, tristique eu nisi sagittis, sodales pulvinar est. Suspendisse purus diam, dapibus vitae suscipit nec, volutpat non est. Sed eget magna a justo pellentesque volutpat vitae id ex. Sed ultricies risus sed vehicula egestas. Ut placerat tellus id vestibulum convallis. Vivamus vel metus vitae sapien fermentum mollis. Phasellus vehicula tortor eu nulla fermentum maximus.

Fusce quis sem a dolor feugiat pharetra quis blandit arcu. Mauris metus purus, tristique ut felis in, congue dignissim libero. Nam dignissim gravida diam. Phasellus sagittis, magna quis semper suscipit, velit arcu molestie turpis, nec feugiat sem metus ut tellus. Fusce id dui quam. Praesent pretium consectetur tincidunt. Fusce posuere magna eu commodo luctus. Nulla facilisi. Curabitur id nibh a augue pulvinar aliquet ut nec nulla. Donec orci lacus, accumsan ut imperdiet ut, molestie ut enim. Curabitur rutrum ligula libero, eu porttitor lacus luctus eget.

123 Main Street
111
Atlanta
Salesforce.com Inc.
USA
bobby@internet-of-things.example.com
123.412.1424
Stevie
Lorem ipsum dolor sit amet, consectetur adipiscing elit. Aliquam nulla sem, tristique eu nisi sagittis, sodales pulvinar est. Suspendisse purus diam, dapibus vitae suscipit nec, volutpat non est. Sed eget magna a justo pellentesque volutpat vitae id ex. Sed ultricies risus sed vehicula egestas. Ut placerat tellus id vestibulum convallis. Vivamus vel metus vitae sapien fermentum mollis. Phasellus vehicula tortor eu nulla fermentum maximus.

Fusce quis sem a dolor feugiat pharetra quis blandit arcu. Mauris metus purus, tristique ut felis in, congue dignissim libero. Nam dignissim gravida diam. Phasellus sagittis, magna quis semper suscipit, velit arcu molestie turpis, nec feugiat sem metus ut tellus. Fusce id dui quam. Praesent pretium consectetur tincidunt. Fusce posuere magna eu commodo luctus. Nulla facilisi. Curabitur id nibh a augue pulvinar aliquet ut nec nulla. Donec orci lacus, accumsan ut imperdiet ut, molestie ut enim. Curabitur rutrum ligula libero, eu porttitor lacus luctus eget.Internet Of the Things on-line.
Weee
owner.example@example.com
OwnerFirstNameHere
OwnerLastNameHere
OwnerNameHere
890-589-2343
333
1-800-NOT-A-NUMBER
311337
Master
Florida
Dr.
www.example.com
Sender@example.com
SenderFirstName
SenderLastName
SenderName
770-123-1234
SenderPerson
Unsubscribe?
Some random content here!
some other random content here.
123 Main Street
Lorem ipsum dolor sit amet, consectetur adipiscing elit. Aliquam nulla sem, tristique eu nisi sagittis, sodales pulvinar est. Suspendisse purus diam, dapibus vitae suscipit nec, volutpat non est. Sed eget magna a justo pellentesque volutpat vitae id ex. Sed ultricies risus sed vehicula egestas. Ut placerat tellus id vestibulum convallis. Vivamus vel metus vitae sapien fermentum mollis. Phasellus vehicula tortor eu nulla fermentum maximus.

Fusce quis sem a dolor feugiat pharetra quis blandit arcu. Mauris metus purus, tristique ut felis in, congue dignissim libero. Nam dignissim gravida diam. Phasellus sagittis, magna quis semper suscipit, velit arcu molestie turpis, nec feugiat sem metus ut tellus. Fusce id dui quam. Praesent pretium consectetur tincidunt. Fusce posuere magna eu commodo luctus. Nulla facilisi. Curabitur id nibh a augue pulvinar aliquet ut nec nulla. Donec orci lacus, accumsan ut imperdiet ut, molestie ut enim. Curabitur rutrum ligula libero, eu porttitor lacus luctus eget.Atlanta
Salesforce.com Inc.
USA
bobby@internet-of-things.example.com
123.412.1424
Stevie
Internet Of the Things on-line.
Weee
owner.example@example.com
OwnerFirstNameHere
OwnerLastNameHere
OwnerNameHere
890-589-2343
1-800-NOT-A-NUMBER
311337
Master
Florida
Dr.
www.example.com
Sender@example.com
SenderFirstName
SenderLastName
SenderName
770-123-1234
SenderPerson
Unsubscribe?
Lorem ipsum dolor sit amet, consectetur adipiscing elit. Aliquam nulla sem, tristique eu nisi sagittis, sodales pulvinar est. Suspendisse purus diam, dapibus vitae suscipit nec, volutpat non est. Sed eget magna a justo pellentesque volutpat vitae id ex. Sed ultricies risus sed vehicula egestas. Ut placerat tellus id vestibulum convallis. Vivamus vel metus vitae sapien fermentum mollis. Phasellus vehicula tortor eu nulla fermentum maximus.

Fusce quis sem a dolor feugiat pharetra quis blandit arcu. Mauris metus purus, tristique ut felis in, congue dignissim libero. Nam dignissim gravida diam. Phasellus sagittis, magna quis semper suscipit, velit arcu molestie turpis, nec feugiat sem metus ut tellus. Fusce id dui quam. Praesent pretium consectetur tincidunt. Fusce posuere magna eu commodo luctus. Nulla facilisi. Curabitur id nibh a augue pulvinar aliquet ut nec nulla. Donec orci lacus, accumsan ut imperdiet ut, molestie ut enim. Curabitur rutrum ligula libero, eu porttitor lacus luctus eget.
http://www.google.com
http://www.google.com/?q=Stevie
https://www.google.com/?q=Stevie/Weee

123 Main Street
111
Atlanta
Salesforce.com Inc.
USA
bobby@internet-of-things.example.com
123.412.1424
Stevie
222
Internet Of the Things on-line.
Weee
owner.example@example.com
OwnerFirstNameHere
OwnerLastNameHere
OwnerNameHere
890-589-2343
333
1-800-NOT-A-NUMBER
311337
Master
Florida
Dr.
www.example.com
Sender@example.com
SenderFirstName
SenderLastName
SenderName
770-123-1234
SenderPerson
Unsubscribe?
Some random content here!
some other random content here.
123 Main Street
Lorem ipsum dolor sit amet, consectetur adipiscing elit. Aliquam nulla sem, tristique eu nisi sagittis, sodales pulvinar est. Suspendisse purus diam, dapibus vitae suscipit nec, volutpat non est. Sed eget magna a justo pellentesque volutpat vitae id ex. Sed ultricies risus sed vehicula egestas. Ut placerat tellus id vestibulum convallis. Vivamus vel metus vitae sapien fermentum mollis. Phasellus vehicula tortor eu nulla fermentum maximus.

Fusce quis sem a dolor feugiat pharetra quis blandit arcu. Mauris metus purus, tristique ut felis in, congue dignissim libero. Nam dignissim gravida diam. Phasellus sagittis, magna quis semper suscipit, velit arcu molestie turpis, nec feugiat sem metus ut tellus. Fusce id dui quam. Praesent pretium consectetur tincidunt. Fusce posuere magna eu commodo luctus. Nulla facilisi. Curabitur id nibh a augue pulvinar aliquet ut nec nulla. Donec orci lacus, accumsan ut imperdiet ut, molestie ut enim. Curabitur rutrum ligula libero, eu porttitor lacus luctus eget.Atlanta
Salesforce.com Inc.
USA
bobby@internet-of-things.example.com
123.412.1424
Stevie
Internet Of the Things on-line.
Weee
owner.example@example.com
OwnerFirstNameHere
OwnerLastNameHere
OwnerNameHere
890-589-2343
1-800-NOT-A-NUMBER
311337
Master
Florida
Dr.
www.example.com
Sender@example.com
SenderFirstName
SenderLastName
SenderName
770-123-1234
SenderPerson
Unsubscribe?
Lorem ipsum dolor sit amet, consectetur adipiscing elit. Aliquam nulla sem, tristique eu nisi sagittis, sodales pulvinar est. Suspendisse purus diam, dapibus vitae suscipit nec, volutpat non est. Sed eget magna a justo pellentesque volutpat vitae id ex. Sed ultricies risus sed vehicula egestas. Ut placerat tellus id vestibulum convallis. Vivamus vel metus vitae sapien fermentum mollis. Phasellus vehicula tortor eu nulla fermentum maximus.

Fusce quis sem a dolor feugiat pharetra quis blandit arcu. Mauris metus purus, tristique ut felis in, congue dignissim libero. Nam dignissim gravida diam. Phasellus sagittis, magna quis semper suscipit, velit arcu molestie turpis, nec feugiat sem metus ut tellus. Fusce id dui quam. Praesent pretium consectetur tincidunt. Fusce posuere magna eu commodo luctus. Nulla facilisi. Curabitur id nibh a augue pulvinar aliquet ut nec nulla. Donec orci lacus, accumsan ut imperdiet ut, molestie ut enim. Curabitur rutrum ligula libero, eu porttitor lacus luctus eget.